******************************************************************************
                  TI ARM Linker PC v20.2.5                     
******************************************************************************
>> Linked Sun Jun  1 19:00:15 2025

OUTPUT FILE NAME:   <ProjecteFinal.out>
ENTRY POINT SYMBOL: "_c_int00_noargs"  address: 00002cb9


MEMORY CONFIGURATION

         name            origin    length      used     unused   attr    fill
----------------------  --------  ---------  --------  --------  ----  --------
  MAIN                  00000000   00040000  00003c1c  0003c3e4  R  X
  INFO                  00200000   00004000  00000000  00004000  R  X
  SRAM_CODE             01000000   00010000  00000620  0000f9e0  RW X
  SRAM_DATA             20000000   00010000  00000620  0000f9e0  RW  


SEGMENT ALLOCATION MAP

run origin  load origin   length   init length attrs members
----------  ----------- ---------- ----------- ----- -------
00000000    00000000    00003c20   00003c20    r-x
  00000000    00000000    000000e4   000000e4    r-- .intvecs
  000000e4    000000e4    00002c38   00002c38    r-x .text
  00002d1c    00002d1c    00000ec0   00000ec0    r-- .const
  00003be0    00003be0    00000040   00000040    r-- .cinit
20000000    20000000    00000420   00000000    rw-
  20000000    20000000    0000040c   00000000    rw- .bss
  2000040c    2000040c    00000014   00000000    rw- .data
2000fe00    2000fe00    00000200   00000000    rw-
  2000fe00    2000fe00    00000200   00000000    rw- .stack


SECTION ALLOCATION MAP

 output                                  attributes/
section   page    origin      length       input sections
--------  ----  ----------  ----------   ----------------
.intvecs   0    00000000    000000e4     
                  00000000    000000e4     startup_msp432p401r_ccs.obj (.intvecs:retain)

.text      0    000000e4    00002c38     
                  000000e4    0000104c     lib_PAE.lib : graphics.obj (.text)
                  00001130    00000ae0     robot.obj (.text)
                  00001c10    000008a8     lib_PAE.lib : lcd.obj (.text)
                  000024b8    00000334     system_msp432p401r.obj (.text)
                  000027ec    00000188     lib_PAE.lib : msp_LCD.obj (.text)
                  00002974    00000108     main.obj (.text)
                  00002a7c    0000009c     rtsv7M4_T_le_v4SPD16_eabi.lib : memcpy_t2.asm.obj (.text)
                  00002b18    0000007a                                   : memset_t2.asm.obj (.text)
                  00002b92    00000002     --HOLE-- [fill = 0]
                  00002b94    00000078     lib_PAE.lib : Inicializacion.obj (.text)
                  00002c0c    00000068     rtsv7M4_T_le_v4SPD16_eabi.lib : copy_decompress_lzss.c.obj (.text:decompress:lzss:__TI_decompress_lzss)
                  00002c74    00000044                                   : autoinit.c.obj (.text:__TI_auto_init_nobinit_nopinit:__TI_auto_init_nobinit_nopinit)
                  00002cb8    00000034                                   : boot_cortex_m.c.obj (.text:_c_int00_noargs:_c_int00_noargs)
                  00002cec    0000000e                                   : copy_decompress_none.c.obj (.text:decompress:none:__TI_decompress_none)
                  00002cfa    0000000e     startup_msp432p401r_ccs.obj (.text)
                  00002d08    0000000c     rtsv7M4_T_le_v4SPD16_eabi.lib : copy_zero_init.c.obj (.text:decompress:ZI:__TI_zero_init)
                  00002d14    00000004                                   : pre_init.c.obj (.text:_system_pre_init)
                  00002d18    00000004                                   : exit.c.obj (.text:abort:abort)

.const     0    00002d1c    00000ec0     
                  00002d1c    0000082a     lib_PAE.lib : graphics.obj (.const:font_11x16)
                  00003546    00000474                 : graphics.obj (.const:font_8x12)
                  000039ba    000001e0                 : graphics.obj (.const:font_5x7)
                  00003b9a    00000012     robot.obj (.const:.string:$P$T0$1)
                  00003bac    00000010     lib_PAE.lib : lcd.obj (.const:.string:$P$T0$1)
                  00003bbc    00000010     main.obj (.const:.string:$P$T0$1)
                  00003bcc    00000010     lib_PAE.lib : lcd.obj (.const:.string:$P$T1$2)

.cinit     0    00003be0    00000040     
                  00003be0    00000017     (.cinit..data.load) [load image, compression = lzss]
                  00003bf7    00000001     --HOLE-- [fill = 0]
                  00003bf8    0000000c     (__TI_handler_table)
                  00003c04    00000004     --HOLE-- [fill = 0]
                  00003c08    00000008     (.cinit..bss.load) [load image, compression = zero_init]
                  00003c10    00000010     (__TI_cinit_table)

.init_array 
*          0    00000000    00000000     UNINITIALIZED

.binit     0    00000000    00000000     

.bss       0    20000000    0000040c     UNINITIALIZED
                  20000000    00000400     lib_PAE.lib : graphics.obj (.bss:g_pulConvertedPalette)
                  20000400    00000002     (.common:cnt)
                  20000402    00000002     (.common:espera)
                  20000404    00000001     (.common:Byte_Recibido)
                  20000405    00000001     (.common:DatoLeido_UART)
                  20000406    00000001     (.common:canviarSentit)
                  20000407    00000001     (.common:gir180)
                  20000408    00000001     (.common:nombreAplaudiments)
                  20000409    00000001     (.common:num_aplaudiments_anterior)
                  2000040a    00000001     (.common:num_aplaudiments_anteriorSentit)
                  2000040b    00000001     (.common:programaInicio)

.data      0    2000040c    00000014     UNINITIALIZED
                  2000040c    0000000a     lib_PAE.lib : lcd.obj (.data)
                  20000416    00000004                 : graphics.obj (.data)
                  2000041a    00000002     --HOLE--
                  2000041c    00000004     system_msp432p401r.obj (.data)

.stack     0    2000fe00    00000200     UNINITIALIZED
                  2000fe00    00000004     rtsv7M4_T_le_v4SPD16_eabi.lib : boot_cortex_m.c.obj (.stack)
                  2000fe04    000001fc     --HOLE--

__llvm_prf_cnts 
*          0    20000000    00000000     UNINITIALIZED

MODULE SUMMARY

       Module                        code    ro data   rw data
       ------                        ----    -------   -------
    .\
       robot.obj                     2784    18        12     
       system_msp432p401r.obj        820     0         8      
       main.obj                      264     16        12     
       startup_msp432p401r_ccs.obj   14      228       0      
    +--+-----------------------------+-------+---------+---------+
       Total:                        3882    262       32     
                                                              
    ../lib_PAE.lib
       graphics.obj                  4172    3710      2056   
       lcd.obj                       2216    32        20     
       msp_LCD.obj                   392     0         0      
       Inicializacion.obj            120     0         0      
    +--+-----------------------------+-------+---------+---------+
       Total:                        6900    3742      2076   
                                                              
    C:\ti\ccs1040\ccs\tools\compiler\ti-cgt-arm_20.2.5.LTS\lib\rtsv7M4_T_le_v4SPD16_eabi.lib
       memcpy_t2.asm.obj             156     0         0      
       memset_t2.asm.obj             122     0         0      
       copy_decompress_lzss.c.obj    104     0         0      
       autoinit.c.obj                68      0         0      
       boot_cortex_m.c.obj           52      0         0      
       copy_decompress_none.c.obj    14      0         0      
       copy_zero_init.c.obj          12      0         0      
       exit.c.obj                    4       0         0      
       pre_init.c.obj                4       0         0      
    +--+-----------------------------+-------+---------+---------+
       Total:                        536     0         0      
                                                              
       Stack:                        0       0         1024   
       Linker Generated:             0       59        0      
    +--+-----------------------------+-------+---------+---------+
       Grand Total:                  11318   4063      3132   


LINKER GENERATED COPY TABLES

__TI_cinit_table @ 00003c10 records: 2, size/record: 8, table size: 16
	.data: load addr=00003be0, load size=00000017 bytes, run addr=2000040c, run size=00000014 bytes, compression=lzss
	.bss: load addr=00003c08, load size=00000008 bytes, run addr=20000000, run size=0000040c bytes, compression=zero_init


LINKER GENERATED HANDLER TABLE

__TI_handler_table @ 00003bf8 records: 3, size/record: 4, table size: 12
	index: 0, handler: __TI_decompress_lzss
	index: 1, handler: __TI_decompress_none
	index: 2, handler: __TI_zero_init


GLOBAL SYMBOLS: SORTED ALPHABETICALLY BY Name 

address   name                           
-------   ----                           
00002d07  ADC14_IRQHandler               
00002d07  AES256_IRQHandler              
0000175b  Activa_TimerA0_TimeOut         
000013bb  Activa_TimerA1_TimeOut         
00002d07  BusFault_Handler               
20000404  Byte_Recibido                  
00002d19  C$$EXIT                        
00002d07  COMP_E0_IRQHandler             
00002d07  COMP_E1_IRQHandler             
00002d07  CS_IRQHandler                  
2000040e  Color_Fondo                    
20000412  Color_Fondo_Inv                
20000410  Color_Texto                    
20000414  Color_Texto_Inv                
00002d07  DMA_ERR_IRQHandler             
00002d07  DMA_INT0_IRQHandler            
00002d07  DMA_INT1_IRQHandler            
00002d07  DMA_INT2_IRQHandler            
00002d07  DMA_INT3_IRQHandler            
20000405  DatoLeido_UART                 
00002d07  DebugMon_Handler               
00002d07  Default_Handler                
00001775  Desactiva_TimerA0_TimeOut      
000013d3  Desactiva_TimerA1_TimeOut      
00002d07  EUSCIA0_IRQHandler             
00002d07  EUSCIA1_IRQHandler             
0000138d  EUSCIA2_IRQHandler             
0000138d  EUSCIA2_IRQHandler             
00002d07  EUSCIA3_IRQHandler             
00002d07  EUSCIB0_IRQHandler             
00002d07  EUSCIB1_IRQHandler             
00002d07  EUSCIB2_IRQHandler             
00002d07  EUSCIB3_IRQHandler             
00002d07  FLCTL_IRQHandler               
00002d07  FPU_IRQHandler                 
2000040d  Fuente                         
00002d07  HardFault_Handler              
00001a0b  Init_LCD                       
00001131  Init_UART                      
00002d07  MemManage_Handler              
00002d07  NMI_Handler                    
00002d07  PCM_IRQHandler                 
00001b4b  PORT1_IRQHandler               
00001b4b  PORT1_IRQHandler               
00002d07  PORT2_IRQHandler               
00002d07  PORT3_IRQHandler               
00002d07  PORT4_IRQHandler               
00002d07  PORT5_IRQHandler               
00002d07  PORT6_IRQHandler               
00002d07  PSS_IRQHandler                 
00002d07  PendSV_Handler                 
00002d07  RTC_C_IRQHandler               
00002cfb  Reset_Handler                  
00001409  Reset_Timeout                  
0000143d  RxPacket                       
00002d07  SVC_Handler                    
00001219  Sentit_Dades_Rx                
00001225  Sentit_Dades_Tx                
00002d07  SysTick_Handler                
2000041c  SystemCoreClock                
000024b9  SystemCoreClockUpdate          
00002731  SystemInit                     
00002d07  T32_INT1_IRQHandler            
00002d07  T32_INT2_IRQHandler            
00002d07  T32_INTC_IRQHandler            
00001747  TA0_0_IRQHandler               
00001747  TA0_0_IRQHandler               
00002d07  TA0_N_IRQHandler               
000013db  TA1_0_IRQHandler               
000013db  TA1_0_IRQHandler               
00002d07  TA1_N_IRQHandler               
00002d07  TA2_0_IRQHandler               
00002d07  TA2_N_IRQHandler               
00002d07  TA3_0_IRQHandler               
00002d07  TA3_N_IRQHandler               
000013ef  TimeOut                        
0000124d  TxPacket                       
00001231  TxUACx                         
00002d07  UsageFault_Handler             
4000480c  WDTCTL_SYM                     
00002d07  WDT_A_IRQHandler               
20010000  __STACK_END                    
00000200  __STACK_SIZE                   
00003c10  __TI_CINIT_Base                
00003c20  __TI_CINIT_Limit               
00003bf8  __TI_Handler_Table_Base        
00003c04  __TI_Handler_Table_Limit       
00002c75  __TI_auto_init_nobinit_nopinit 
00002c0d  __TI_decompress_lzss           
00002ced  __TI_decompress_none           
ffffffff  __TI_pprof_out_hndl            
ffffffff  __TI_prof_data_size            
ffffffff  __TI_prof_data_start           
00000000  __TI_static_base__             
00002d09  __TI_zero_init                 
00002b19  __aeabi_memclr                 
00002b19  __aeabi_memclr4                
00002b19  __aeabi_memclr8                
00002a7d  __aeabi_memcpy                 
00002a7d  __aeabi_memcpy4                
00002a7d  __aeabi_memcpy8                
00002b1b  __aeabi_memset                 
00002b1b  __aeabi_memset4                
00002b1b  __aeabi_memset8                
ffffffff  __binit__                      
ffffffff  __c_args__                     
UNDEFED   __mpu_init                     
2000fe00  __stack                        
20000000  __start___llvm_prf_cnts        
20000000  __stop___llvm_prf_cnts         
00002cb9  _c_int00_noargs                
2000040c  _orientation                   
UNDEFED   _system_post_cinit             
00002d15  _system_pre_init               
00002d19  abort                          
20000419  bgColorHighByte                
20000418  bgColorLowByte                 
ffffffff  binit                          
000017b3  buscarParet                    
00002041  cambiar_orientacion            
20000406  canviarSentit                  
00000121  clearScreen                    
000001af  clearScreenBkg                 
20000400  cnt                            
20000417  colorHighByte                  
20000416  colorLowByte                   
00001a9d  comprovar_comencament          
00001541  config_angle_limit             
00002911  delay                          
00001369  delay_t                        
00000521  drawCharLg                     
000005c9  drawCharLgBkg                  
000006ad  drawCharMd                     
0000075b  drawCharMdBkg                  
000003a1  drawCharSm                     
00000447  drawCharSmBkg                  
00000d9b  drawCircle                     
000008bd  drawImage                      
000008d5  drawImageLut                   
000009e3  drawImageMono                  
00000b41  drawLine                       
00000a01  drawLogicLine                  
00000237  drawPixel                      
00000d37  drawRect                       
00000267  drawString                     
000019f3  encerrado                      
20000402  espera                         
0000177d  esperaTemps                    
0000179f  esperar                        
00000fb9  fillCircle                     
00000f1b  fillRect                       
00002d1c  font_11x16                     
000039ba  font_5x7                       
00003546  font_8x12                      
00001cbb  getAltura                      
00001c69  getColumna                     
00001c17  getLinea                       
00001c11  getOrientacion                 
00001d17  getScreenHeight                
00001d01  getScreenWidth                 
20000407  gir180                         
00001ae1  giraMitjaVolta                 
000021d1  halLcdClearLine                
0000206f  halLcdClearScreen              
00002093  halLcdClearScreenBkg           
00002345  halLcdDrawCircle               
0000244d  halLcdDrawImageLut             
00002299  halLcdDrawLine                 
00002247  halLcdDrawPixel                
000022ed  halLcdDrawRect                 
000023f1  halLcdFillCircle               
00002395  halLcdFillRect                 
00002063  halLcdInit                     
000020b3  halLcdPrintLine                
00002133  halLcdPrintLineCol             
00001e8d  initLCD                        
00001b8d  initVariables                  
00001af9  init_boton                     
000027ed  init_spi_lcd_tactil            
00002b95  init_ucs_16MHz                 
00002bcd  init_ucs_24MHz                 
00000000  interruptVectors               
00001a87  llegir_aplaudiments            
00002975  main                           
00002a7d  memcpy                         
00002b21  memset                         
00001679  moureDreta                     
00001603  moureEndevant                  
000015dd  moureEnrere                    
000016a1  moureEsquerra                  
0000158d  moureMotor                     
00001ad3  noMoure                        
20000408  nombreAplaudiments             
20000409  num_aplaudiments_anterior      
2000040a  num_aplaudiments_anteriorSentit
00001a25  pantallaNoms                   
00001629  pivotarSobreSiMateix           
0000164f  pivotarSobreSiMateixDreta      
2000040b  programaInicio                 
0000193b  seguirParetDreta               
00001883  seguirParetEsquerra            
000016d5  sensor                         
00001731  sensorCentre                   
00001705  sensorDreta                    
0000171b  sensorEsquerra                 
00001a57  sensorSoroll                   
00001d2d  setArea                        
00000103  setBackgroundColor             
000000e5  setColor                       
00001fd3  setOrientation                 
000028eb  writeCommand                   
000028c5  writeData                      


GLOBAL SYMBOLS: SORTED BY Symbol Address 

address   name                           
-------   ----                           
00000000  __TI_static_base__             
00000000  interruptVectors               
000000e5  setColor                       
00000103  setBackgroundColor             
00000121  clearScreen                    
000001af  clearScreenBkg                 
00000200  __STACK_SIZE                   
00000237  drawPixel                      
00000267  drawString                     
000003a1  drawCharSm                     
00000447  drawCharSmBkg                  
00000521  drawCharLg                     
000005c9  drawCharLgBkg                  
000006ad  drawCharMd                     
0000075b  drawCharMdBkg                  
000008bd  drawImage                      
000008d5  drawImageLut                   
000009e3  drawImageMono                  
00000a01  drawLogicLine                  
00000b41  drawLine                       
00000d37  drawRect                       
00000d9b  drawCircle                     
00000f1b  fillRect                       
00000fb9  fillCircle                     
00001131  Init_UART                      
00001219  Sentit_Dades_Rx                
00001225  Sentit_Dades_Tx                
00001231  TxUACx                         
0000124d  TxPacket                       
00001369  delay_t                        
0000138d  EUSCIA2_IRQHandler             
0000138d  EUSCIA2_IRQHandler             
000013bb  Activa_TimerA1_TimeOut         
000013d3  Desactiva_TimerA1_TimeOut      
000013db  TA1_0_IRQHandler               
000013db  TA1_0_IRQHandler               
000013ef  TimeOut                        
00001409  Reset_Timeout                  
0000143d  RxPacket                       
00001541  config_angle_limit             
0000158d  moureMotor                     
000015dd  moureEnrere                    
00001603  moureEndevant                  
00001629  pivotarSobreSiMateix           
0000164f  pivotarSobreSiMateixDreta      
00001679  moureDreta                     
000016a1  moureEsquerra                  
000016d5  sensor                         
00001705  sensorDreta                    
0000171b  sensorEsquerra                 
00001731  sensorCentre                   
00001747  TA0_0_IRQHandler               
00001747  TA0_0_IRQHandler               
0000175b  Activa_TimerA0_TimeOut         
00001775  Desactiva_TimerA0_TimeOut      
0000177d  esperaTemps                    
0000179f  esperar                        
000017b3  buscarParet                    
00001883  seguirParetEsquerra            
0000193b  seguirParetDreta               
000019f3  encerrado                      
00001a0b  Init_LCD                       
00001a25  pantallaNoms                   
00001a57  sensorSoroll                   
00001a87  llegir_aplaudiments            
00001a9d  comprovar_comencament          
00001ad3  noMoure                        
00001ae1  giraMitjaVolta                 
00001af9  init_boton                     
00001b4b  PORT1_IRQHandler               
00001b4b  PORT1_IRQHandler               
00001b8d  initVariables                  
00001c11  getOrientacion                 
00001c17  getLinea                       
00001c69  getColumna                     
00001cbb  getAltura                      
00001d01  getScreenWidth                 
00001d17  getScreenHeight                
00001d2d  setArea                        
00001e8d  initLCD                        
00001fd3  setOrientation                 
00002041  cambiar_orientacion            
00002063  halLcdInit                     
0000206f  halLcdClearScreen              
00002093  halLcdClearScreenBkg           
000020b3  halLcdPrintLine                
00002133  halLcdPrintLineCol             
000021d1  halLcdClearLine                
00002247  halLcdDrawPixel                
00002299  halLcdDrawLine                 
000022ed  halLcdDrawRect                 
00002345  halLcdDrawCircle               
00002395  halLcdFillRect                 
000023f1  halLcdFillCircle               
0000244d  halLcdDrawImageLut             
000024b9  SystemCoreClockUpdate          
00002731  SystemInit                     
000027ed  init_spi_lcd_tactil            
000028c5  writeData                      
000028eb  writeCommand                   
00002911  delay                          
00002975  main                           
00002a7d  __aeabi_memcpy                 
00002a7d  __aeabi_memcpy4                
00002a7d  __aeabi_memcpy8                
00002a7d  memcpy                         
00002b19  __aeabi_memclr                 
00002b19  __aeabi_memclr4                
00002b19  __aeabi_memclr8                
00002b1b  __aeabi_memset                 
00002b1b  __aeabi_memset4                
00002b1b  __aeabi_memset8                
00002b21  memset                         
00002b95  init_ucs_16MHz                 
00002bcd  init_ucs_24MHz                 
00002c0d  __TI_decompress_lzss           
00002c75  __TI_auto_init_nobinit_nopinit 
00002cb9  _c_int00_noargs                
00002ced  __TI_decompress_none           
00002cfb  Reset_Handler                  
00002d07  ADC14_IRQHandler               
00002d07  AES256_IRQHandler              
00002d07  BusFault_Handler               
00002d07  COMP_E0_IRQHandler             
00002d07  COMP_E1_IRQHandler             
00002d07  CS_IRQHandler                  
00002d07  DMA_ERR_IRQHandler             
00002d07  DMA_INT0_IRQHandler            
00002d07  DMA_INT1_IRQHandler            
00002d07  DMA_INT2_IRQHandler            
00002d07  DMA_INT3_IRQHandler            
00002d07  DebugMon_Handler               
00002d07  Default_Handler                
00002d07  EUSCIA0_IRQHandler             
00002d07  EUSCIA1_IRQHandler             
00002d07  EUSCIA3_IRQHandler             
00002d07  EUSCIB0_IRQHandler             
00002d07  EUSCIB1_IRQHandler             
00002d07  EUSCIB2_IRQHandler             
00002d07  EUSCIB3_IRQHandler             
00002d07  FLCTL_IRQHandler               
00002d07  FPU_IRQHandler                 
00002d07  HardFault_Handler              
00002d07  MemManage_Handler              
00002d07  NMI_Handler                    
00002d07  PCM_IRQHandler                 
00002d07  PORT2_IRQHandler               
00002d07  PORT3_IRQHandler               
00002d07  PORT4_IRQHandler               
00002d07  PORT5_IRQHandler               
00002d07  PORT6_IRQHandler               
00002d07  PSS_IRQHandler                 
00002d07  PendSV_Handler                 
00002d07  RTC_C_IRQHandler               
00002d07  SVC_Handler                    
00002d07  SysTick_Handler                
00002d07  T32_INT1_IRQHandler            
00002d07  T32_INT2_IRQHandler            
00002d07  T32_INTC_IRQHandler            
00002d07  TA0_N_IRQHandler               
00002d07  TA1_N_IRQHandler               
00002d07  TA2_0_IRQHandler               
00002d07  TA2_N_IRQHandler               
00002d07  TA3_0_IRQHandler               
00002d07  TA3_N_IRQHandler               
00002d07  UsageFault_Handler             
00002d07  WDT_A_IRQHandler               
00002d09  __TI_zero_init                 
00002d15  _system_pre_init               
00002d19  C$$EXIT                        
00002d19  abort                          
00002d1c  font_11x16                     
00003546  font_8x12                      
000039ba  font_5x7                       
00003bf8  __TI_Handler_Table_Base        
00003c04  __TI_Handler_Table_Limit       
00003c10  __TI_CINIT_Base                
00003c20  __TI_CINIT_Limit               
20000000  __start___llvm_prf_cnts        
20000000  __stop___llvm_prf_cnts         
20000400  cnt                            
20000402  espera                         
20000404  Byte_Recibido                  
20000405  DatoLeido_UART                 
20000406  canviarSentit                  
20000407  gir180                         
20000408  nombreAplaudiments             
20000409  num_aplaudiments_anterior      
2000040a  num_aplaudiments_anteriorSentit
2000040b  programaInicio                 
2000040c  _orientation                   
2000040d  Fuente                         
2000040e  Color_Fondo                    
20000410  Color_Texto                    
20000412  Color_Fondo_Inv                
20000414  Color_Texto_Inv                
20000416  colorLowByte                   
20000417  colorHighByte                  
20000418  bgColorLowByte                 
20000419  bgColorHighByte                
2000041c  SystemCoreClock                
2000fe00  __stack                        
20010000  __STACK_END                    
4000480c  WDTCTL_SYM                     
ffffffff  __TI_pprof_out_hndl            
ffffffff  __TI_prof_data_size            
ffffffff  __TI_prof_data_start           
ffffffff  __binit__                      
ffffffff  __c_args__                     
ffffffff  binit                          
UNDEFED   __mpu_init                     
UNDEFED   _system_post_cinit             

[212 symbols]
